// Jest Snapshot v1, https://goo.gl/fbAQLP

exports[`renders correctly with props given 1`] = `
<Fragment>
  <div
    className="modal close-state"
    onClick={[Function]}
    onKeyDown={[Function]}
    role="presentation"
    tabIndex="-1"
  >
    <div
      className="modal-content"
    >
      that could be any type
    </div>
  </div>
</Fragment>
`;
